C51 COMPILER V8.16   DALLAS                                                                04/04/2010 17:38:55 PAGE 1   


C51 COMPILER V8.16, COMPILATION OF MODULE DALLAS
OBJECT MODULE PLACED IN Dallas.OBJ
COMPILER INVOKED BY: C:\Keil\C51\BIN\C51.EXE Dallas.c BROWSE INCDIR(.\Source) DEBUG OBJECTEXTEND

line level    source

   1          
   2          #include "dallas.h"
   3          #include "ADuC832.h"
   4          #include "new_types.h"
   5           
   6          struct Termo Dallas;
   7          
   8          BYTE X=0;                                                                               //счетчик переданных байт от 0 до 7, для уникального
   9                                                                                                          //кода устройства (термометра)
  10          void Timer0_int() interrupt 1                                   //**************************************************
  11          {                                                                                               //обработка прерывания нулевого таймера
  12   1       TEMPER=1;                                                                              //ножка 1-wire лог. 1 (P2^5)
  13   1       TR0=0;                                                                                 //стоп таймера 0
  14   1      }
  15          
  16          
  17          void InitDallas()                                                               //процедура подготовки работы с 1-wire
  18          {
  19   1       Dallas.term_state=Reset1;                                              //начальное значение команды в древе
  20   1       Dallas.temperature=0;                                                  //готовим переменную для температуры (очищаем)
  21   1       Dallas.port_state=Ready;                                               //статус работы с 1-wire
  22   1       Dallas.Dallas_Num=0;                                                   //номер термометра 0..2, начальный 0
  23   1      }
  24          
  25          void OneWire_One_transmit()                                             //процедура передачи единицыпо 1-wire***************
  26          {
  27   1       ET1=0;                                                                                 //запрет прерывания для таймера 1
  28   1       Dallas.port_state=Bit_Wait;                                    //статус 1-wire - ждать паузу между битами
  29   1       TEMPER=0;
  30   1       TEMPER=0;                                                                              //передаем бит=1
  31   1       TEMPER=0;                                                                              //0,178us (2,136us), надо чтоб ноль был >1us
  32   1       TEMPER=1;
  33   1       ET1=1;                                                                                 //разрешаем прерывания для таймера 1 
  34   1      }
  35          
  36          void OneWire_Zero_transmit()                                    //процедура передачи нуля по 1-wire*****************
  37          {
  38   1       TH0=Timer_period_H(90);                                                //
  39   1       TL0=Timer_period_L(90);                                                //ждем 90 тактов 5,36us (64,32us) сек, надо от 60us до 120us
  40   1       Dallas.port_state=Bit_Wait;                                    //статус 1-wire - ждать паузу между битами
  41   1       TEMPER=0;                                                                              //передаем по 1-wire=лог.0
  42   1       TR0=1;                                         //запускаем таймер 0
  43   1      }
  44          
  45          void OneWire_Reset_transmit()                               //передача сигнала reset в 1-wire
  46          {
  47   1       TH0=Timer_period_H(600);
  48   1       TL0=Timer_period_L(600);                                               //ждем 600 тактов 35,7us (429us), надо от 480us до 960us
  49   1       TEMPER=0;                                                                              //передаем по 1-wire=лог.0
  50   1       TR0=1;                                         // Timer 0 start
  51   1      }
  52          
  53          void OneWire_Read_bit()                                                 //чтение одного бита
  54          {
  55   1       ET1=0;                                         //запрещаем прерывания для таймера 1
C51 COMPILER V8.16   DALLAS                                                                04/04/2010 17:38:55 PAGE 2   

  56   1       TEMPER=0;
  57   1       TEMPER=0;
  58   1       TEMPER=0;
  59   1       TEMPER=1;
  60   1       Dallas.read_port=P2;                           //Вычитываем целиком порт, так ка это быстрее, чем копироват
             -ь бит
  61   1       ET1=1;                                         //разрешаем прерывания для таймера 1
  62   1       Dallas.read_bit=(Dallas.read_port&0x20)?1:0;   //Проверяем бит, соответствующий TEMPER
  63   1      }                                                                                               //0х20=00100000 т.е. ножка P2^5
  64          
  65          void OneWare_Command_Wait()                                             //ожидание команды (429us)
  66          {
  67   1       TR0=0;                                                                                  //останавливаем таймер 0
  68   1       TH0=Timer_period_H(600);                                                //старший бит таймера равен 600
  69   1       TL0=Timer_period_L(600);                                                //младший бит таймера равен 600
  70   1       TR0=1;                                          //запускаем таймер 0 
  71   1      }
  72          
  73          void OneWare_Bit_Wait()                                                  //ожидание паузы между битами (35,7us)
  74          {
  75   1       TR0=0;                                                                                  //на всякий случай останавливаем таймер 0
  76   1       TH0=Timer_period_H(50);                                                 //старший бит таймера равен 50
  77   1       TL0=Timer_period_L(50);                                                 //младший бит таймера равен 50
  78   1       TR0=1;                                          //запускаем таймер 0
  79   1      }
  80          
  81          
  82          BYTE TemperatureMeasure(void)                                    //процедура чтения температуры из даллас
  83          {
  84   1       if(TR0)                                                                                 //если таймер 0 запущен
  85   1        return Dallas.temperature;                                     //       значит либо reset, либо еще что то работает, ждем
  86   1      
  87   1       if(Dallas.port_state==Bit_Wait)                                 //если был передан бит
  88   1       {
  89   2        OneWare_Bit_Wait();                                                    //ждем паузу между битами
  90   2        Dallas.port_state=Ready;                                               //статус 1-wire - готов
  91   2        return Dallas.temperature;                                     //
  92   2       }
  93   1      
  94   1       if(Dallas.port_state==Command_Wait)                     //
  95   1       {
  96   2        OneWare_Command_Wait();                                                //
  97   2        Dallas.port_state=Ready;                                               //
  98   2        return Dallas.temperature;                                     //
  99   2       }
 100   1       
 101   1       switch(Dallas.term_state)
 102   1       {
 103   2        case Reset1:
 104   2      
 105   2         OneWire_Reset_transmit();
 106   2         if (Dallas.Dallas_Num>2)
 107   2          {
 108   3               Dallas.Dallas_Num=0;
 109   3              }
 110   2         Dallas.bit_cntr=0;
 111   2         Dallas.command=0x55;                                 //Match Rom
 112   2         Dallas.term_state=Match_ROM_cmd;
 113   2         Dallas.port_state=Command_Wait;
 114   2         break;
 115   2      
 116   2        case Match_ROM_cmd:                                      //10 8B 6E 4C 01 08 00 75
C51 COMPILER V8.16   DALLAS                                                                04/04/2010 17:38:55 PAGE 3   

 117   2      
 118   2         if((Dallas.command>>Dallas.bit_cntr)&0x01)  // ...........................
 119   2          OneWire_One_transmit();                                        // Отправили команду термометру
 120   2         else                                                                            // теперь надо отправить 64-х битный код
 121   2          OneWire_Zero_transmit();                               // ...........................
 122   2      
 123   2         if(Dallas.bit_cntr>=7)
 124   2         {
 125   3          Dallas.bit_cntr=0;
 126   3          Dallas.port_state=Command_Wait;
 127   3          Dallas.term_state=Write_64_Code;
 128   3              if (Dallas.Dallas_Num==0)
 129   3               Dallas.command=0x10;                         //*****      //10 8B 6E 4C 01 08 00 75
 130   3          if (Dallas.Dallas_Num)                                                                         //28 16 B5 A3 01 00 00 E0
 131   3               Dallas.command=0x28;                                                                      //28 AA BB A3 01 00 00 38
 132   3              break;                                                                                                    
 133   3         }
 134   2         Dallas.bit_cntr++;
 135   2         break;
 136   2      
 137   2        case Write_64_Code:
 138   2      
 139   2               switch (X)
 140   2               {
 141   3               case 0:
 142   3                
 143   3            if((Dallas.command>>Dallas.bit_cntr)&0x01)  
 144   3             OneWire_One_transmit();                                     
 145   3            else                                                                                 
 146   3             OneWire_Zero_transmit();                           
 147   3            if(Dallas.bit_cntr>=7)
 148   3             {
 149   4              Dallas.bit_cntr=0;
 150   4                      if (Dallas.Dallas_Num==0)
 151   4                       Dallas.command=0x8B;
 152   4                      if (Dallas.Dallas_Num==1)                 
 153   4                       Dallas.command=0x16;
 154   4                      if (Dallas.Dallas_Num==2)
 155   4                       Dallas.command=0xAA;                   //*****                         //10 8B 6E 4C 01 08 00 75
 156   4                      X++;                                                                                                            //28 16 B5 A3 01 00 00 E0
 157   4                      break;                                                                                                          //28 AA BB A3 01 00 00 38
 158   4                 }
 159   3               Dallas.bit_cntr++;
 160   3               break;
 161   3      
 162   3               case 1:
 163   3                
 164   3            if((Dallas.command>>Dallas.bit_cntr)&0x01)  
 165   3             OneWire_One_transmit();                                     
 166   3            else                                                                                 
 167   3             OneWire_Zero_transmit();                           
 168   3            if(Dallas.bit_cntr>=7)
 169   3             {
 170   4              Dallas.bit_cntr=0;
 171   4                      if (Dallas.Dallas_Num==0)
 172   4                       Dallas.command=0x6E;
 173   4                      if (Dallas.Dallas_Num==1)
 174   4                       Dallas.command=0xB5;
 175   4                      if (Dallas.Dallas_Num==2)
 176   4                       Dallas.command=0xBB;                   //*****                //10 8B 6E 4C 01 08 00 75
 177   4                      X++;                                                                                                               //28 16 B5 A3 01 00 00 E0
 178   4                      break;                                                                                                             //28 AA BB A3 01 00 00 38
C51 COMPILER V8.16   DALLAS                                                                04/04/2010 17:38:55 PAGE 4   

 179   4                 }
 180   3               Dallas.bit_cntr++;
 181   3               break;
 182   3      
 183   3               case 2:
 184   3                
 185   3            if((Dallas.command>>Dallas.bit_cntr)&0x01)  
 186   3             OneWire_One_transmit();                                     
 187   3            else                                                                                 
 188   3             OneWire_Zero_transmit();                           
 189   3            if(Dallas.bit_cntr>=7)
 190   3             {
 191   4              Dallas.bit_cntr=0;
 192   4                      if (Dallas.Dallas_Num==0)
 193   4                       Dallas.command=0x4C;
 194   4                      if (Dallas.Dallas_Num)
 195   4                       Dallas.command=0xA3;                  //*****                                  //10 8B 6E 4C 01 08 00 75
 196   4                      X++;                                                                                                                    //28 16 B5 A3 01 00 00 E0
 197   4                      break;                                                                                                                  //28 AA BB A3 01 00 00 38
 198   4                 }
 199   3               Dallas.bit_cntr++;
 200   3               break;
 201   3      
 202   3               case 3:
 203   3                
 204   3            if((Dallas.command>>Dallas.bit_cntr)&0x01)  
 205   3             OneWire_One_transmit();                                     
 206   3            else                                                                                 
 207   3             OneWire_Zero_transmit();                           
 208   3            if(Dallas.bit_cntr>=7)
 209   3             {
 210   4              Dallas.bit_cntr=0;
 211   4                      Dallas.command=0x01;                             //*****                                         //10 8B 6E 4C 01 08 00 75
 212   4                      X++;                                                                                                                     //28 16 B5 A3 01 00 00 E0
 213   4                      break;                                                                                                                   //28 AA BB A3 01 00 00 38
 214   4                 }
 215   3               Dallas.bit_cntr++;
 216   3               break;
 217   3      
 218   3               case 4:
 219   3                
 220   3            if((Dallas.command>>Dallas.bit_cntr)&0x01)  
 221   3             OneWire_One_transmit();                                     
 222   3            else                                                                                 
 223   3             OneWire_Zero_transmit();                           
 224   3            if(Dallas.bit_cntr>=7)
 225   3             {
 226   4              Dallas.bit_cntr=0;
 227   4                      if (Dallas.Dallas_Num==0)
 228   4                       Dallas.command=0x08;
 229   4                      if (Dallas.Dallas_Num)
 230   4                       Dallas.command=0x00;                                    //*****                                 //10 8B 6E 4C 01 08 00 75
 231   4                      X++;                                                                                                                     //28 16 B5 A3 01 00 00 E0
 232   4                      break;                                                                                                                   //28 AA BB A3 01 00 00 38
 233   4                 }
 234   3               Dallas.bit_cntr++;
 235   3               break;
 236   3      
 237   3               case 5:
 238   3                
 239   3            if((Dallas.command>>Dallas.bit_cntr)&0x01)  
 240   3             OneWire_One_transmit();                                     
C51 COMPILER V8.16   DALLAS                                                                04/04/2010 17:38:55 PAGE 5   

 241   3            else                                                                                 
 242   3             OneWire_Zero_transmit();                           
 243   3            if(Dallas.bit_cntr>=7)
 244   3             {
 245   4              Dallas.bit_cntr=0;
 246   4                      Dallas.command=0x00;                                      //*****                                               //10 8B 6E 4C 01 08 00 75
 247   4                      X++;                                                                                                                                    //28 16 B5 A3 01 00 00 E0
 248   4                      break;                                                                                                                                  //28 AA BB A3 01 00 00 38
 249   4                 }
 250   3               Dallas.bit_cntr++;
 251   3               break;
 252   3      
 253   3               case 6:
 254   3                
 255   3            if((Dallas.command>>Dallas.bit_cntr)&0x01)  
 256   3             OneWire_One_transmit();                                     
 257   3            else                                                                                 
 258   3             OneWire_Zero_transmit();                           
 259   3            if(Dallas.bit_cntr>=7)
 260   3             {
 261   4              Dallas.bit_cntr=0;
 262   4                      if (Dallas.Dallas_Num==0)
 263   4                       Dallas.command=0x75;
 264   4                      if (Dallas.Dallas_Num==1)
 265   4                       Dallas.command=0xE0;
 266   4                      if (Dallas.Dallas_Num==2)
 267   4                       Dallas.command=0x38;                                      //*****                                         //10 8B 6E 4C 01 08 00 75
 268   4                      X++;                                                                                                                               //28 16 B5 A3 01 00 00 E0
 269   4                      break;                                                                                                                             //28 AA BB A3 01 00 00 38
 270   4                 }
 271   3               Dallas.bit_cntr++;
 272   3               break;
 273   3      
 274   3               case 7:
 275   3                
 276   3            if((Dallas.command>>Dallas.bit_cntr)&0x01)  
 277   3             OneWire_One_transmit();                                     
 278   3            else                                                                                 
 279   3             OneWire_Zero_transmit();                           
 280   3            if(Dallas.bit_cntr>=7)
 281   3             {
 282   4              Dallas.bit_cntr=0;
 283   4                      X++;
 284   4                      break;
 285   4                 }
 286   3               Dallas.bit_cntr++;
 287   3               break;
 288   3               }
 289   2      //    }
 290   2        if (X==8)
 291   2        {
 292   3        Dallas.bit_cntr=0;
 293   3       // Dallas.command=0x44;                                        //Convert T
 294   3        Dallas.term_state=Delay1;
 295   3       // Dallas.delay_cntr=300;
 296   3       // Dallas.port_state=Command_Wait;
 297   3        X=0;
 298   3        }
 299   2        break;
 300   2      
 301   2        case Delay1:
 302   2      
C51 COMPILER V8.16   DALLAS                                                                04/04/2010 17:38:55 PAGE 6   

 303   2         OneWare_Command_Wait();
 304   2      //   if(!Dallas.delay_cntr)
 305   2      //   {
 306   2          Dallas.term_state=Convert_cmd;
 307   2              Dallas.command=0x44;
 308   2      //    break;
 309   2      //   }
 310   2      //   Dallas.delay_cntr--;
 311   2         break;
 312   2        
 313   2        case Convert_cmd:
 314   2      
 315   2         if((Dallas.command>>Dallas.bit_cntr)&0x01)
 316   2          OneWire_One_transmit();
 317   2         else
 318   2          OneWire_Zero_transmit();
 319   2         if(Dallas.bit_cntr>=7)
 320   2         {
 321   3          Dallas.bit_cntr=0;
 322   3          Dallas.delay_cntr=1300;             //1500
 323   3          Dallas.term_state=Delay2;
 324   3          break;
 325   3         }
 326   2         Dallas.bit_cntr++;
 327   2         break;
 328   2      
 329   2        case Delay2:
 330   2      
 331   2         OneWare_Command_Wait();                     //429us   429*1000us=429ms  (200ms typ.)
 332   2         if(!Dallas.delay_cntr)
 333   2         {
 334   3          Dallas.term_state=Reset2;
 335   3          break;
 336   3         }
 337   2         Dallas.delay_cntr--;
 338   2         break;
 339   2      
 340   2        case Reset2:
 341   2      
 342   2         OneWire_Reset_transmit();
 343   2         Dallas.bit_cntr=0;
 344   2         Dallas.command=0x55;                                 //Match Rom
 345   2         Dallas.term_state=Match_ROM_cmd2;
 346   2         Dallas.port_state=Command_Wait;
 347   2         break;
 348   2      
 349   2       case Match_ROM_cmd2:                                      //10 8B 6E 4C 01 08 00 75      Dallas, белый DS1820
 350   2                                                                                         //28 16 B5 A3 01 00 00 E0      Dallas, коричн. DS18B20
 351   2                                                                 //28 AA BB A3 01 00 00 38      Dallas, белкор. DS18B20
 352   2         if((Dallas.command>>Dallas.bit_cntr)&0x01)  // ...........................
 353   2          OneWire_One_transmit();                                        // Отправили команду термометру
 354   2         else                                                                            // теперь надо отправить 64-х битный код
 355   2          OneWire_Zero_transmit();                               // ...........................
 356   2      
 357   2         if(Dallas.bit_cntr>=7)
 358   2         {
 359   3          Dallas.bit_cntr=0;
 360   3          Dallas.port_state=Command_Wait;
 361   3          Dallas.term_state=Write_64_Code2;
 362   3              if (Dallas.Dallas_Num==0)
 363   3               Dallas.command=0x10;
 364   3              if (Dallas.Dallas_Num)
C51 COMPILER V8.16   DALLAS                                                                04/04/2010 17:38:55 PAGE 7   

 365   3               Dallas.command=0x28;                     //*****                                          //10 8B 6E 4C 01 08 00 75
 366   3          break;                                                                                                                         //28 16 B5 A3 01 00 00 E0
 367   3         }                                                                                                                               //28 AA BB A3 01 00 00 38
 368   2         Dallas.bit_cntr++;
 369   2         break;
 370   2      
 371   2        case Write_64_Code2:
 372   2      
 373   2       //  while (X<8)
 374   2       //   {
 375   2               switch (X)
 376   2               {
 377   3               case 0:
 378   3                
 379   3            if((Dallas.command>>Dallas.bit_cntr)&0x01)  
 380   3             OneWire_One_transmit();                                     
 381   3            else                                                                                 
 382   3             OneWire_Zero_transmit();                           
 383   3            if(Dallas.bit_cntr>=7)
 384   3             {
 385   4              Dallas.bit_cntr=0;
 386   4                      if (Dallas.Dallas_Num==0)
 387   4                       Dallas.command=0x8B;
 388   4                      if (Dallas.Dallas_Num==1)
 389   4                       Dallas.command=0x16;
 390   4                      if (Dallas.Dallas_Num==2)
 391   4                       Dallas.command=0xAA;                            //*****                                           //10 8B 6E 4C 01 08 00 75
 392   4                      X++;                                                                                                                       //28 16 B5 A3 01 00 00 E0
 393   4                      break;                                                                                                                     //28 AA BB A3 01 00 00 38
 394   4                 }
 395   3               Dallas.bit_cntr++;
 396   3               break;
 397   3      
 398   3               case 1:
 399   3                
 400   3            if((Dallas.command>>Dallas.bit_cntr)&0x01)  
 401   3             OneWire_One_transmit();                                     
 402   3            else                                                                                 
 403   3             OneWire_Zero_transmit();                           
 404   3            if(Dallas.bit_cntr>=7)
 405   3             {
 406   4              Dallas.bit_cntr=0;
 407   4                      if (Dallas.Dallas_Num==0)
 408   4                       Dallas.command=0x6E;   
 409   4                      if (Dallas.Dallas_Num==1)
 410   4                       Dallas.command=0xB5;
 411   4                      if (Dallas.Dallas_Num==2)
 412   4                       Dallas.command=0xBB;                   //*****                                    //10 8B 6E 4C 01 08 00 75
 413   4                      X++;                                                                                                       //28 16 B5 A3 01 00 00 E0
 414   4                      break;                                                                                                     //28 AA BB A3 01 00 00 38
 415   4                 }
 416   3               Dallas.bit_cntr++;
 417   3               break;
 418   3      
 419   3               case 2:
 420   3                
 421   3            if((Dallas.command>>Dallas.bit_cntr)&0x01)  
 422   3             OneWire_One_transmit();                                     
 423   3            else                                                                                 
 424   3             OneWire_Zero_transmit();                           
 425   3            if(Dallas.bit_cntr>=7)
 426   3             {
C51 COMPILER V8.16   DALLAS                                                                04/04/2010 17:38:55 PAGE 8   

 427   4              Dallas.bit_cntr=0;
 428   4                      if (Dallas.Dallas_Num==0)
 429   4                       Dallas.command=0x4C;
 430   4                      if (Dallas.Dallas_Num)
 431   4                       Dallas.command=0xA3;                   //*****                                    //10 8B 6E 4C 01 08 00 75
 432   4                      X++;                                                                                                       //28 16 B5 A3 01 00 00 E0
 433   4                      break;                                                                                                     //28 AA BB A3 01 00 00 38
 434   4                 }
 435   3               Dallas.bit_cntr++;
 436   3               break;
 437   3      
 438   3               case 3:
 439   3                
 440   3            if((Dallas.command>>Dallas.bit_cntr)&0x01)  
 441   3             OneWire_One_transmit();                                     
 442   3            else                                                                                 
 443   3             OneWire_Zero_transmit();                           
 444   3            if(Dallas.bit_cntr>=7)
 445   3             {
 446   4              Dallas.bit_cntr=0;
 447   4                      Dallas.command=0x01;                      //*****                                          //10 8B 6E 4C 01 08 00 75
 448   4                      X++;                                                                                                               //28 16 B5 A3 01 00 00 E0
 449   4                      break;                                                                                                             //28 AA BB A3 01 00 00 38
 450   4                 }
 451   3               Dallas.bit_cntr++;
 452   3               break;
 453   3      
 454   3               case 4:
 455   3                
 456   3            if((Dallas.command>>Dallas.bit_cntr)&0x01)  
 457   3             OneWire_One_transmit();                                     
 458   3            else                                                                                 
 459   3             OneWire_Zero_transmit();                           
 460   3            if(Dallas.bit_cntr>=7)
 461   3             {
 462   4              Dallas.bit_cntr=0;
 463   4                      if (Dallas.Dallas_Num==0)
 464   4                       Dallas.command=0x08;
 465   4                      if (Dallas.Dallas_Num)
 466   4                       Dallas.command=0x00;                    //*****                                           //10 8B 6E 4C 01 08 00 75
 467   4                      X++;                                                                                                               //28 16 B5 A3 01 00 00 E0
 468   4                      break;                                                                                                             //28 AA BB A3 01 00 00 38
 469   4                 }
 470   3               Dallas.bit_cntr++;
 471   3               break;
 472   3      
 473   3               case 5:
 474   3                
 475   3            if((Dallas.command>>Dallas.bit_cntr)&0x01)  
 476   3             OneWire_One_transmit();                                     
 477   3            else                                                                                 
 478   3             OneWire_Zero_transmit();                           
 479   3            if(Dallas.bit_cntr>=7)
 480   3             {
 481   4              Dallas.bit_cntr=0;
 482   4                      Dallas.command=0x00;                     //*****                                           //10 8B 6E 4C 01 08 00 75
 483   4                      X++;                                                                                                               //28 16 B5 A3 01 00 00 E0
 484   4                      break;                                                                                                             //28 AA BB A3 01 00 00 38
 485   4                 }
 486   3               Dallas.bit_cntr++;
 487   3               break;
 488   3      
C51 COMPILER V8.16   DALLAS                                                                04/04/2010 17:38:55 PAGE 9   

 489   3               case 6:
 490   3                
 491   3            if((Dallas.command>>Dallas.bit_cntr)&0x01)  
 492   3             OneWire_One_transmit();                                     
 493   3            else                                                                                 
 494   3             OneWire_Zero_transmit();                           
 495   3            if(Dallas.bit_cntr>=7)
 496   3             {
 497   4              Dallas.bit_cntr=0;
 498   4                      if (Dallas.Dallas_Num==0)
 499   4                       Dallas.command=0x75;
 500   4                      if (Dallas.Dallas_Num==1)
 501   4                       Dallas.command=0xE0;
 502   4                      if (Dallas.Dallas_Num==2)
 503   4                       Dallas.command=0x38;                   //*****                                    //10 8B 6E 4C 01 08 00 75
 504   4                      X++;                                                                                                       //28 16 B5 A3 01 00 00 E0
 505   4                      break;                                                                                                     //28 AA BB A3 01 00 00 38
 506   4                 }
 507   3               Dallas.bit_cntr++;
 508   3               break;
 509   3      
 510   3               case 7:
 511   3                
 512   3            if((Dallas.command>>Dallas.bit_cntr)&0x01)  
 513   3             OneWire_One_transmit();                                     
 514   3            else                                                                                 
 515   3             OneWire_Zero_transmit();                           
 516   3            if(Dallas.bit_cntr>=7)
 517   3             {
 518   4              Dallas.bit_cntr=0;
 519   4                      X++;
 520   4                      break;
 521   4                 }
 522   3               Dallas.bit_cntr++;
 523   3               break;
 524   3               }
 525   2       //   }
 526   2        if (X==8)
 527   2        {
 528   3        Dallas.bit_cntr=0;
 529   3        //Dallas.command=0x44;                                        //Convert T
 530   3        Dallas.term_state=Delay3;
 531   3      //  Dallas.delay_cntr=300;
 532   3       // Dallas.port_state=Command_Wait;
 533   3        X=0;
 534   3       // Dallas.Counter=0x1B;
 535   3       }
 536   2        break;
 537   2      
 538   2        case Delay3:
 539   2      
 540   2         OneWare_Command_Wait();
 541   2      //   if(!Dallas.delay_cntr)
 542   2       //  {
 543   2          Dallas.term_state=Read_scratchpad;
 544   2              Dallas.command=0xbe;
 545   2          break;
 546   2       //  }
 547   2       //  Dallas.delay_cntr--;
 548   2         break;
 549   2      
 550   2        case Read_scratchpad:
C51 COMPILER V8.16   DALLAS                                                                04/04/2010 17:38:55 PAGE 10  

 551   2         
 552   2         if((Dallas.command>>Dallas.bit_cntr)&0x01)  
 553   2             OneWire_One_transmit();                                     
 554   2            else                                                                                 
 555   2             OneWire_Zero_transmit();                           
 556   2            if(Dallas.bit_cntr>=7)
 557   2             {
 558   3              Dallas.bit_cntr=0;
 559   3              Dallas.port_state=Command_Wait;
 560   3                      Dallas.byte_read=0;
 561   3                      Dallas.term_state=Read_temper;
 562   3                      break;
 563   3                 }
 564   2               Dallas.bit_cntr++;
 565   2               break;
 566   2      
 567   2        case Read_temper:
 568   2         
 569   2         if (Dallas.Dallas_Num==0)
 570   2          {
 571   3           OneWire_Read_bit();
 572   3           Dallas.byte_read>>=1;
 573   3           if(Dallas.read_bit)
 574   3            Dallas.byte_read|=0x80;
 575   3           if(Dallas.bit_cntr>=7)
 576   3            {
 577   4             Dallas.temperature=Dallas.byte_read>>1;
 578   4             Dallas.term_state=Reset1;
 579   4                 Dallas.Dallas_Num++;
 580   4          break;
 581   4            }
 582   3           Dallas.bit_cntr++;
 583   3          break;
 584   3          }
 585   2              else
 586   2              {
 587   3               OneWire_Read_bit();
 588   3           Dallas.byte_read>>=1;
 589   3           if(Dallas.read_bit)
 590   3            Dallas.byte_read|=0x80;
 591   3           if(Dallas.bit_cntr>=11)
 592   3            {
 593   4             Dallas.temperature=Dallas.byte_read;//>>1;
 594   4             Dallas.term_state=Reset1;
 595   4                 Dallas.Dallas_Num++;
 596   4          break;
 597   4            }
 598   3           Dallas.bit_cntr++;
 599   3          break;
 600   3              }
 601   2       }
 602   1       return Dallas.temperature;
 603   1      }


MODULE INFORMATION:   STATIC OVERLAYABLE
   CODE SIZE        =   1588    ----
   CONSTANT SIZE    =   ----    ----
   XDATA SIZE       =   ----    ----
   PDATA SIZE       =   ----    ----
   DATA SIZE        =     13    ----
   IDATA SIZE       =   ----    ----
C51 COMPILER V8.16   DALLAS                                                                04/04/2010 17:38:55 PAGE 11  

   BIT SIZE         =   ----    ----
END OF MODULE INFORMATION.


C51 COMPILATION COMPLETE.  0 WARNING(S),  0 ERROR(S)
